com\ProyectoPort\Back\repository\IPersonaRepository.class
com\ProyectoPort\Back\dto\DtoPersona.class
com\ProyectoPort\Back\dto\DtoProyectos.class
com\ProyectoPort\Back\dto\DtoSkills.class
com\ProyectoPort\Back\entity\Educacion.class
com\ProyectoPort\Back\service\SProyectos.class
com\ProyectoPort\Back\security\service\UsuarioService.class
com\ProyectoPort\Back\security\entity\Rol.class
com\ProyectoPort\Back\controller\EducacionController.class
com\ProyectoPort\Back\security\controller\AuthController.class
com\ProyectoPort\Back\security\service\UserDetailsImpl.class
com\ProyectoPort\Back\repository\RProyectos.class
com\ProyectoPort\Back\security\dto\JwtDto.class
com\ProyectoPort\Back\security\repository\IRolRepository.class
com\ProyectoPort\Back\service\SExperiencia.class
com\ProyectoPort\Back\entity\Persona.class
com\ProyectoPort\Back\security\service\RolService.class
com\ProyectoPort\Back\service\SEducacion.class
com\ProyectoPort\Back\controller\PersonaController.class
com\ProyectoPort\Back\security\jwt\JwtTokenFilter.class
com\ProyectoPort\Back\dto\DtoEducacion.class
com\ProyectoPort\Back\security\jwt\JwtProvider.class
com\ProyectoPort\Back\BackApplication.class
com\ProyectoPort\Back\service\ImpPersonaService.class
com\ProyectoPort\Back\controller\ExperienciaController.class
com\ProyectoPort\Back\controller\SkillsController.class
com\ProyectoPort\Back\security\enums\RolNombre.class
com\ProyectoPort\Back\security\controller\Mensaje.class
com\ProyectoPort\Back\service\SSkills.class
com\ProyectoPort\Back\entity\Experiencia.class
com\ProyectoPort\Back\entity\Skills.class
com\ProyectoPort\Back\security\jwt\JwtEntryPoint.class
com\ProyectoPort\Back\WebConfig.class
com\ProyectoPort\Back\controller\ProyectosController.class
com\ProyectoPort\Back\repository\RExperiencia.class
com\ProyectoPort\Back\security\repository\IUsuarioRepository.class
com\ProyectoPort\Back\repository\RSkills.class
com\ProyectoPort\Back\security\dto\LoginUsuario.class
com\ProyectoPort\Back\entity\Proyectos.class
com\ProyectoPort\Back\repository\REducacion.class
com\ProyectoPort\Back\security\MainSecurity.class
com\ProyectoPort\Back\security\entity\Usuario.class
com\ProyectoPort\Back\security\entity\UsuarioPrincipal.class
com\ProyectoPort\Back\security\dto\NuevoUsuario.class
com\ProyectoPort\Back\dto\DtoExperiencia.class
