C:\Users\danie\OneDrive\Escritorio\ProyectoPortfolio\Back\src\main\java\com\ProyectoPort\Back\security\jwt\JwtProvider.java
C:\Users\danie\OneDrive\Escritorio\ProyectoPortfolio\Back\src\main\java\com\ProyectoPort\Back\dto\DtoPersona.java
C:\Users\danie\OneDrive\Escritorio\ProyectoPortfolio\Back\src\main\java\com\ProyectoPort\Back\security\jwt\JwtTokenFilter.java
C:\Users\danie\OneDrive\Escritorio\ProyectoPortfolio\Back\src\main\java\com\ProyectoPort\Back\dto\DtoExperiencia.java
C:\Users\danie\OneDrive\Escritorio\ProyectoPortfolio\Back\src\main\java\com\ProyectoPort\Back\security\enums\RolNombre.java
C:\Users\danie\OneDrive\Escritorio\ProyectoPortfolio\Back\src\main\java\com\ProyectoPort\Back\service\SExperiencia.java
C:\Users\danie\OneDrive\Escritorio\ProyectoPortfolio\Back\src\main\java\com\ProyectoPort\Back\controller\EducacionController.java
C:\Users\danie\OneDrive\Escritorio\ProyectoPortfolio\Back\src\main\java\com\ProyectoPort\Back\security\service\UsuarioService.java
C:\Users\danie\OneDrive\Escritorio\ProyectoPortfolio\Back\src\main\java\com\ProyectoPort\Back\repository\IPersonaRepository.java
C:\Users\danie\OneDrive\Escritorio\ProyectoPortfolio\Back\src\main\java\com\ProyectoPort\Back\dto\DtoSkills.java
C:\Users\danie\OneDrive\Escritorio\ProyectoPortfolio\Back\src\main\java\com\ProyectoPort\Back\security\entity\Rol.java
C:\Users\danie\OneDrive\Escritorio\ProyectoPortfolio\Back\src\main\java\com\ProyectoPort\Back\WebConfig.java
C:\Users\danie\OneDrive\Escritorio\ProyectoPortfolio\Back\src\main\java\com\ProyectoPort\Back\security\dto\NuevoUsuario.java
C:\Users\danie\OneDrive\Escritorio\ProyectoPortfolio\Back\src\main\java\com\ProyectoPort\Back\security\entity\UsuarioPrincipal.java
C:\Users\danie\OneDrive\Escritorio\ProyectoPortfolio\Back\src\main\java\com\ProyectoPort\Back\BackApplication.java
C:\Users\danie\OneDrive\Escritorio\ProyectoPortfolio\Back\src\main\java\com\ProyectoPort\Back\dto\DtoEducacion.java
C:\Users\danie\OneDrive\Escritorio\ProyectoPortfolio\Back\src\main\java\com\ProyectoPort\Back\entity\Educacion.java
C:\Users\danie\OneDrive\Escritorio\ProyectoPortfolio\Back\src\main\java\com\ProyectoPort\Back\entity\Skills.java
C:\Users\danie\OneDrive\Escritorio\ProyectoPortfolio\Back\src\main\java\com\ProyectoPort\Back\repository\RProyectos.java
C:\Users\danie\OneDrive\Escritorio\ProyectoPortfolio\Back\src\main\java\com\ProyectoPort\Back\security\service\RolService.java
C:\Users\danie\OneDrive\Escritorio\ProyectoPortfolio\Back\src\main\java\com\ProyectoPort\Back\dto\DtoProyectos.java
C:\Users\danie\OneDrive\Escritorio\ProyectoPortfolio\Back\src\main\java\com\ProyectoPort\Back\repository\RSkills.java
C:\Users\danie\OneDrive\Escritorio\ProyectoPortfolio\Back\src\main\java\com\ProyectoPort\Back\controller\SkillsController.java
C:\Users\danie\OneDrive\Escritorio\ProyectoPortfolio\Back\src\main\java\com\ProyectoPort\Back\security\MainSecurity.java
C:\Users\danie\OneDrive\Escritorio\ProyectoPortfolio\Back\src\main\java\com\ProyectoPort\Back\security\jwt\JwtEntryPoint.java
C:\Users\danie\OneDrive\Escritorio\ProyectoPortfolio\Back\src\main\java\com\ProyectoPort\Back\security\repository\IUsuarioRepository.java
C:\Users\danie\OneDrive\Escritorio\ProyectoPortfolio\Back\src\main\java\com\ProyectoPort\Back\security\service\UserDetailsImpl.java
C:\Users\danie\OneDrive\Escritorio\ProyectoPortfolio\Back\src\main\java\com\ProyectoPort\Back\security\controller\AuthController.java
C:\Users\danie\OneDrive\Escritorio\ProyectoPortfolio\Back\src\main\java\com\ProyectoPort\Back\entity\Proyectos.java
C:\Users\danie\OneDrive\Escritorio\ProyectoPortfolio\Back\src\main\java\com\ProyectoPort\Back\repository\REducacion.java
C:\Users\danie\OneDrive\Escritorio\ProyectoPortfolio\Back\src\main\java\com\ProyectoPort\Back\security\dto\LoginUsuario.java
C:\Users\danie\OneDrive\Escritorio\ProyectoPortfolio\Back\src\main\java\com\ProyectoPort\Back\service\SEducacion.java
C:\Users\danie\OneDrive\Escritorio\ProyectoPortfolio\Back\src\main\java\com\ProyectoPort\Back\service\SSkills.java
C:\Users\danie\OneDrive\Escritorio\ProyectoPortfolio\Back\src\main\java\com\ProyectoPort\Back\controller\PersonaController.java
C:\Users\danie\OneDrive\Escritorio\ProyectoPortfolio\Back\src\main\java\com\ProyectoPort\Back\controller\ProyectosController.java
C:\Users\danie\OneDrive\Escritorio\ProyectoPortfolio\Back\src\main\java\com\ProyectoPort\Back\repository\RExperiencia.java
C:\Users\danie\OneDrive\Escritorio\ProyectoPortfolio\Back\src\main\java\com\ProyectoPort\Back\entity\Persona.java
C:\Users\danie\OneDrive\Escritorio\ProyectoPortfolio\Back\src\main\java\com\ProyectoPort\Back\service\SProyectos.java
C:\Users\danie\OneDrive\Escritorio\ProyectoPortfolio\Back\src\main\java\com\ProyectoPort\Back\entity\Experiencia.java
C:\Users\danie\OneDrive\Escritorio\ProyectoPortfolio\Back\src\main\java\com\ProyectoPort\Back\service\ImpPersonaService.java
C:\Users\danie\OneDrive\Escritorio\ProyectoPortfolio\Back\src\main\java\com\ProyectoPort\Back\security\dto\JwtDto.java
C:\Users\danie\OneDrive\Escritorio\ProyectoPortfolio\Back\src\main\java\com\ProyectoPort\Back\security\repository\IRolRepository.java
C:\Users\danie\OneDrive\Escritorio\ProyectoPortfolio\Back\src\main\java\com\ProyectoPort\Back\security\entity\Usuario.java
C:\Users\danie\OneDrive\Escritorio\ProyectoPortfolio\Back\src\main\java\com\ProyectoPort\Back\security\controller\Mensaje.java
C:\Users\danie\OneDrive\Escritorio\ProyectoPortfolio\Back\src\main\java\com\ProyectoPort\Back\controller\ExperienciaController.java
